[     247ms] [INFO] %cDownload the React DevTools for a better development experience: https://react.dev/link/react-devtools font-weight:bold @ http://localhost:3000/_next/static/chunks/node_modules_next_dist_1e8vcs8._.js:776
[     306ms] [LOG] [HMR] connected @ http://localhost:3000/_next/static/chunks/node_modules_next_dist_1e8vcs8._.js:776
[     496ms] [ERROR] Failed to load resource: the server responded with a status of 404 (Not Found) @ http://localhost:3000/favicon.ico:0
[  130517ms] [INFO] %cDownload the React DevTools for a better development experience: https://react.dev/link/react-devtools font-weight:bold @ http://localhost:3000/_next/static/chunks/node_modules_next_dist_1e8vcs8._.js:776
[  130565ms] [LOG] [HMR] connected @ http://localhost:3000/_next/static/chunks/node_modules_next_dist_1e8vcs8._.js:776
[  130652ms] [ERROR] A tree hydrated but some attributes of the server rendered HTML didn't match the client properties. This won't be patched up. This can happen if a SSR-ed Client Component used:

- A server/client branch `if (typeof window !== 'undefined')`.
- Variable input such as `Date.now()` or `Math.random()` which changes each time it's called.
- Date formatting in a user's locale which doesn't match the server.
- External changing data without sending a snapshot of it along with the HTML.
- Invalid HTML tag nesting.

It can also happen if the client has a browser extension installed which messes with the HTML before React loaded.

%s%s https://react.dev/link/hydration-mismatch 

  ...
    <HTTPAccessFallbackErrorBoundary pathname="/" notFound={{...}} forbidden={undefined} unauthorized={undefined} ...>
      <RedirectBoundary>
        <RedirectErrorBoundary router={{...}}>
          <InnerLayoutRouter url="/" tree={[...]} params={{}} cacheNode={{rsc:{...}, ...}} segmentPath={[...]} ...>
            <SegmentViewNode type="page" pagePath="page.tsx">
              <SegmentTrieNode>
              <ClientPageRoot Component={function Home} serverProvidedParams={{...}}>
                <Home params={Promise} searchParams={Promise}>
                  <main>
                    <header>
                    <section>
                    <section>
                    <section>
                    <section>
                    <section>
                    <section id="comprar" className="purchase l...">
                      <div className="form-column">
                        <span>
                        <h2>
                        <p>
                        <form noValidate={true} onSubmit={function}>
                          <label>
                            <input
                              aria-invalid={false}
                              className={undefined}
                              placeholder="Nome completo"
                              name="name"
                              onChange={function onChange}
                              onBlur={function onChange}
                              ref={function ref}
-                             style={{caret-color:"transparent"}}
                            >
                          <label>
                            <input
                              aria-invalid={false}
                              className={undefined}
                              inputMode="tel"
                              placeholder="+55 (11) 99999-9999"
                              name="phone"
                              onChange={function onChange}
                              onBlur={function onChange}
                              ref={function ref}
-                             style={{caret-color:"transparent"}}
                            >
                          <label>
                            <input
                              aria-invalid={false}
                              className={undefined}
                              autoCapitalize="none"
                              autoCorrect="off"
                              inputMode="email"
                              placeholder="nome@exemplo.com"
                              type="email"
                              name="email"
                              onChange={function onChange}
                              onBlur={function onChange}
                              ref={function ref}
-                             style={{caret-color:"transparent"}}
                            >
                          ...
                    ...
            ...
          ...
 @ http://localhost:3000/_next/static/chunks/node_modules_next_dist_1e8vcs8._.js:1052
[  223142ms] [INFO] %cDownload the React DevTools for a better development experience: https://react.dev/link/react-devtools font-weight:bold @ http://localhost:3000/_next/static/chunks/node_modules_next_dist_1e8vcs8._.js:776
[  223256ms] [LOG] [HMR] connected @ http://localhost:3000/_next/static/chunks/node_modules_next_dist_1e8vcs8._.js:776
